Add => 1
ContainsKey => 1
else => 1
if => 1
retDictionary => 3
word => 3
